// Vitest Snapshot v1

exports[`get-service-stops > format service > correctly formats db response 1`] = `
[
  {
    "administrativeAreaCode": "075",
    "atcoCode": "1000DBAR3758",
    "bearing": "N",
    "busStopType": "MKD",
    "commonName": "Old Road",
    "direction": "outbound",
    "id": 388498,
    "indicator": "Opp",
    "latitude": "53.354415",
    "localityName": "Bamford",
    "longitude": "-1.695986",
    "naptanCode": "dbsgwgmw",
    "nptgLocalityCode": "E0045121",
    "parentLocalityName": "",
    "sequenceNumber": "1",
    "status": "active",
    "stopType": "BCT",
    "street": "Ashopton Road",
    "timingStatus": "OTH",
  },
  {
    "administrativeAreaCode": "075",
    "atcoCode": "1000DBAR3762",
    "bearing": "N",
    "busStopType": "CUS",
    "commonName": "Lydgate Cottages",
    "direction": "outbound",
    "id": 388501,
    "indicator": "Opp",
    "latitude": "53.358629",
    "localityName": "Yorkshire Bridge",
    "longitude": "-1.698976",
    "naptanCode": "dbsgwgpg",
    "nptgLocalityCode": "N0064822",
    "parentLocalityName": "",
    "sequenceNumber": "2",
    "status": "active",
    "stopType": "BCT",
    "street": "Ashopton Road",
    "timingStatus": "OTH",
  },
  {
    "administrativeAreaCode": "075",
    "atcoCode": "1000DCSC3082",
    "bearing": "S",
    "busStopType": "MKD",
    "commonName": "Cliff College",
    "direction": "outbound",
    "id": 386465,
    "indicator": "Adj",
    "latitude": "53.261588",
    "localityName": "Calver",
    "longitude": "-1.629153",
    "naptanCode": "dbsgdpmp",
    "nptgLocalityCode": "E0045018",
    "parentLocalityName": "",
    "sequenceNumber": "3",
    "status": "active",
    "stopType": "BCT",
    "street": "Baslow Road",
    "timingStatus": "OTH",
  },
  {
    "administrativeAreaCode": "075",
    "atcoCode": "1000DCSB3083",
    "bearing": "S",
    "busStopType": "MKD",
    "commonName": "Stanton Ford",
    "direction": "outbound",
    "id": 386459,
    "indicator": "Adj",
    "latitude": "53.257401",
    "localityName": "Baslow",
    "longitude": "-1.626806",
    "naptanCode": "dbsgdpjt",
    "nptgLocalityCode": "E0006776",
    "parentLocalityName": "",
    "sequenceNumber": "4",
    "status": "active",
    "stopType": "BCT",
    "street": "Calver Road",
    "timingStatus": "TIP",
  },
  {
    "administrativeAreaCode": "075",
    "atcoCode": "1000DYBA3764",
    "bearing": "N",
    "busStopType": "MKD",
    "commonName": "Lydgate Lane",
    "direction": "inbound",
    "id": 381418,
    "indicator": "adj",
    "latitude": "53.360453",
    "localityName": "Yorkshire Bridge",
    "longitude": "-1.698678",
    "naptanCode": "dbsdgawa",
    "nptgLocalityCode": "N0064822",
    "parentLocalityName": "",
    "sequenceNumber": "4",
    "status": "active",
    "stopType": "BCT",
    "street": "Ashopton Road",
    "timingStatus": "OTH",
  },
  {
    "administrativeAreaCode": "075",
    "atcoCode": "1000DBCR3084",
    "bearing": "S",
    "busStopType": "MKD",
    "commonName": "White Lodge Lane",
    "direction": "inbound",
    "id": 387701,
    "indicator": "Adj",
    "latitude": "53.250479",
    "localityName": "Baslow",
    "longitude": "-1.626567",
    "naptanCode": "dbsjadtp",
    "nptgLocalityCode": "E0006776",
    "parentLocalityName": "",
    "sequenceNumber": "8",
    "status": "active",
    "stopType": "BCT",
    "street": "Calver Road",
    "timingStatus": "OTH",
  },
]
`;
